// 重构日志: 249e82a7
// 重构日志: 96d3ff16
// 重构日志: 749af011
// 重构日志: ef9166db
// 同步 ID: d1d5a9f8 @ Mon Jul 13 19:02:52 UTC 2026
// 重构日志: b4889713
// 同步 ID: aca5e3a3 @ Tue Jul 14 15:45:25 UTC 2026
// 同步 ID: c7d75369 @ Wed Jul 15 08:43:35 UTC 2026
// 重构日志: 217c4d0b
// 重构日志: 9c0d7155
// 重构日志: ce4e3f59
// 重构日志: 73d0d49b
// 同步 ID: 594a48c6 @ Fri Jul 17 04:26:22 UTC 2026
// 重构日志: 466cb433
// 重构日志: ae3b0124
// 同步 ID: ff6b4a2d @ Fri Jul 17 16:50:42 UTC 2026
// 重构日志: 299024f4
// 重构日志: f92250b1
// 重构日志: b55cf724
// 同步 ID: a5ce1e9f @ Tue Jul 21 04:31:51 UTC 2026
// 重构日志: 62c9a7b3
// 重构日志: 23832ab6
// 重构日志: c9562aa0
// 重构日志: 19cc9d9f
// 同步 ID: 2bbeda61 @ Thu Jul 23 00:13:31 UTC 2026
// 重构日志: 982dfe12
// 同步 ID: e26661d4 @ Sat Jul 25 11:44:50 UTC 2026
// 重构日志: 09295593
// 重构日志: f77f1fa3
// 同步 ID: b585bfb1 @ Tue Jul 28 09:30:22 UTC 2026
